> Initialized logger
>  * Debugger is active!
>  * Debugger PIN: 456-115-780
>  * Running on http://0.0.0.0:80/ (Press CTRL+C to quit)
> 127.0.0.1 - - [17/Feb/2019 18:44:00] "GET / HTTP/1.1" 302 -
> 127.0.0.1 - - [17/Feb/2019 18:44:01] "GET /records/1 HTTP/1.1" 200 -
> 127.0.0.1 - - [17/Feb/2019 18:44:05] "GET /static/css/bootstrap.min.css HTTP/1.1" 200 -
> Traceback (most recent call last):
>   File "C:\Users\gherz-PC\Anaconda3\envs\py27\lib\SocketServer.py", line 596, in process_request_thread
>     self.finish_request(request, client_address)
>   File "C:\Users\gherz-PC\Anaconda3\envs\py27\lib\SocketServer.py", line 331, in finish_request
>     self.RequestHandlerClass(request, client_address, self)
>   File "C:\Users\gherz-PC\Anaconda3\envs\py27\lib\SocketServer.py", line 654, in __init__
>     self.finish()
>   File "C:\Users\gherz-PC\Anaconda3\envs\py27\lib\SocketServer.py", line 713, in finish
>     self.wfile.close()
>   File "C:\Users\gherz-PC\Anaconda3\envs\py27\lib\socket.py", line 283, in close
> 127.0.0.1 - - [17/Feb/2019 18:44:05] "GET /static/css/eyecon-datepicker.css HTTP/1.1" 200 -
> 127.0.0.1 - - [17/Feb/2019 18:44:05] "GET /static/css/bootstrap-responsive.css HTTP/1.1" 200 -
> Traceback (most recent call last):
>   File "C:\Users\gherz-PC\Anaconda3\envs\py27\lib\SocketServer.py", line 596, in process_request_thread
>     self.finish_request(request, client_address)
> Traceback (most recent call last):
>   File "C:\Users\gherz-PC\Anaconda3\envs\py27\lib\SocketServer.py", line 331, in finish_request
>   File "C:\Users\gherz-PC\Anaconda3\envs\py27\lib\SocketServer.py", line 596, in process_request_thread
>     self.RequestHandlerClass(request, client_address, self)
>     self.finish_request(request, client_address)
>   File "C:\Users\gherz-PC\Anaconda3\envs\py27\lib\SocketServer.py", line 654, in __init__
>   File "C:\Users\gherz-PC\Anaconda3\envs\py27\lib\SocketServer.py", line 331, in finish_request
>     self.finish()
>     self.RequestHandlerClass(request, client_address, self)
>   File "C:\Users\gherz-PC\Anaconda3\envs\py27\lib\SocketServer.py", line 713, in finish
>   File "C:\Users\gherz-PC\Anaconda3\envs\py27\lib\SocketServer.py", line 654, in __init__
>     self.wfile.close()
>     self.finish()
>     self.flush()
>   File "C:\Users\gherz-PC\Anaconda3\envs\py27\lib\socket.py", line 283, in close
>   File "C:\Users\gherz-PC\Anaconda3\envs\py27\lib\SocketServer.py", line 713, in finish
>   File "C:\Users\gherz-PC\Anaconda3\envs\py27\lib\socket.py", line 307, in flush
>     self.flush()
>     self.wfile.close()
>     self._sock.sendall(view[write_offset:write_offset+buffer_size])
>   File "C:\Users\gherz-PC\Anaconda3\envs\py27\lib\socket.py", line 307, in flush
>   File "C:\Users\gherz-PC\Anaconda3\envs\py27\lib\socket.py", line 283, in close
> error: [Errno 10053] An established connection was aborted by the software in your host machine
>     self._sock.sendall(view[write_offset:write_offset+buffer_size])
>     self.flush()
> error: [Errno 10053] An established connection was aborted by the software in your host machine
>   File "C:\Users\gherz-PC\Anaconda3\envs\py27\lib\socket.py", line 307, in flush
>     self._sock.sendall(view[write_offset:write_offset+buffer_size])
> error: [Errno 10053] An established connection was aborted by the software in your host machine
> 127.0.0.1 - - [17/Feb/2019 18:44:05] "GET /static/css/bootstrap.min.css HTTP/1.1" 200 -
> 127.0.0.1 - - [17/Feb/2019 18:44:05] "GET /static/css/bootstrap-responsive.css HTTP/1.1" 200 -
> 127.0.0.1 - - [17/Feb/2019 18:44:05] "GET /static/css/eyecon-datepicker.css HTTP/1.1" 200 -
> 127.0.0.1 - - [17/Feb/2019 18:44:05] "GET /static/js/eyecon-datepicker.js HTTP/1.1" 200 -
> Traceback (most recent call last):
>   File "C:\Users\gherz-PC\Anaconda3\envs\py27\lib\SocketServer.py", line 596, in process_request_thread
>     self.finish_request(request, client_address)
>   File "C:\Users\gherz-PC\Anaconda3\envs\py27\lib\SocketServer.py", line 331, in finish_request
>     self.RequestHandlerClass(request, client_address, self)
>   File "C:\Users\gherz-PC\Anaconda3\envs\py27\lib\SocketServer.py", line 654, in __init__
>     self.finish()
>   File "C:\Users\gherz-PC\Anaconda3\envs\py27\lib\SocketServer.py", line 713, in finish
>     self.wfile.close()
>   File "C:\Users\gherz-PC\Anaconda3\envs\py27\lib\socket.py", line 283, in close
>     self.flush()
>   File "C:\Users\gherz-PC\Anaconda3\envs\py27\lib\socket.py", line 307, in flush
>     self._sock.sendall(view[write_offset:write_offset+buffer_size])
> error: [Errno 10053] An established connection was aborted by the software in your host machine
> 127.0.0.1 - - [17/Feb/2019 18:44:05] "GET /static/js/bootstrap.min.js HTTP/1.1" 200 -
> Traceback (most recent call last):
>   File "C:\Users\gherz-PC\Anaconda3\envs\py27\lib\SocketServer.py", line 596, in process_request_thread
>     self.finish_request(request, client_address)
>   File "C:\Users\gherz-PC\Anaconda3\envs\py27\lib\SocketServer.py", line 331, in finish_request
>     self.RequestHandlerClass(request, client_address, self)
>   File "C:\Users\gherz-PC\Anaconda3\envs\py27\lib\SocketServer.py", line 654, in __init__
>     self.finish()
>   File "C:\Users\gherz-PC\Anaconda3\envs\py27\lib\SocketServer.py", line 713, in finish
>     self.wfile.close()
>   File "C:\Users\gherz-PC\Anaconda3\envs\py27\lib\socket.py", line 283, in close
>     self.flush()
>   File "C:\Users\gherz-PC\Anaconda3\envs\py27\lib\socket.py", line 307, in flush
>     self._sock.sendall(view[write_offset:write_offset+buffer_size])
> error: [Errno 10053] An established connection was aborted by the software in your host machine
> 127.0.0.1 - - [17/Feb/2019 18:44:05] "GET /static/js/jquery.js HTTP/1.1" 200 -
> 127.0.0.1 - - [17/Feb/2019 18:44:05] "GET /static/js/jquery.js HTTP/1.1" 200 -
> Traceback (most recent call last):
>   File "C:\Users\gherz-PC\Anaconda3\envs\py27\lib\SocketServer.py", line 596, in process_request_thread
>     self.finish_request(request, client_address)
>   File "C:\Users\gherz-PC\Anaconda3\envs\py27\lib\SocketServer.py", line 331, in finish_request
>     self.RequestHandlerClass(request, client_address, self)
>   File "C:\Users\gherz-PC\Anaconda3\envs\py27\lib\SocketServer.py", line 654, in __init__
>     self.finish()
>   File "C:\Users\gherz-PC\Anaconda3\envs\py27\lib\SocketServer.py", line 713, in finish
>     self.wfile.close()
>   File "C:\Users\gherz-PC\Anaconda3\envs\py27\lib\socket.py", line 283, in close
>     self.flush()
>   File "C:\Users\gherz-PC\Anaconda3\envs\py27\lib\socket.py", line 307, in flush
>     self._sock.sendall(view[write_offset:write_offset+buffer_size])
> error: [Errno 10053] An established connection was aborted by the software in your host machine
> 127.0.0.1 - - [17/Feb/2019 18:44:05] "GET /static/js/bootstrap.min.js HTTP/1.1" 200 -
> 127.0.0.1 - - [17/Feb/2019 18:44:05] "GET /static/js/eyecon-datepicker.js HTTP/1.1" 200 -
> 127.0.0.1 - - [17/Feb/2019 18:44:06] "GET /static/img/glyphicons-halflings.png HTTP/1.1" 200 -
> 127.0.0.1 - - [17/Feb/2019 18:47:51] "GET /case/12/ HTTP/1.1" 200 -
> 127.0.0.1 - - [17/Feb/2019 18:48:04] "GET /records/1 HTTP/1.1" 200 -
> 127.0.0.1 - - [17/Feb/2019 18:48:10] "GET /case/12/ HTTP/1.1" 200 -
> 127.0.0.1 - - [17/Feb/2019 18:54:53] "GET /static/img/glyphicons-halflings-white.png HTTP/1.1" 200 -
> 127.0.0.1 - - [17/Feb/2019 18:54:54] "GET /logout/ HTTP/1.1" 302 -
> 127.0.0.1 - - [17/Feb/2019 18:54:54] "GET /index HTTP/1.1" 301 -
> C:\Users\gherz-PC\Desktop\remidiv2\serveus\views.py:84: FlaskWTFDeprecationWarning: "flask_wtf.Form" has been renamed to "FlaskForm" and will be removed in 1.0.
>   return render_template("index.html",login_form = LoginForm(), recovery_form = RecoveryForm())
> C:\Users\gherz-PC\Desktop\remidiv2\serveus\views.py:84: FlaskWTFDeprecationWarning: "flask_wtf.Form" has been renamed to "FlaskForm" and will be removed in 1.0.
>   return render_template("index.html",login_form = LoginForm(), recovery_form = RecoveryForm())
> 127.0.0.1 - - [17/Feb/2019 18:54:54] "GET /index/ HTTP/1.1" 200 -
> 127.0.0.1 - - [17/Feb/2019 18:54:55] "GET /static/js/sha1.js HTTP/1.1" 200 -
> C:\Users\gherz-PC\Desktop\remidiv2\serveus\views.py:825: FlaskWTFDeprecationWarning: "flask_wtf.Form" has been renamed to "FlaskForm" and will be removed in 1.0.
>   form = LoginForm()
> 127.0.0.1 - - [17/Feb/2019 18:55:03] "POST /login/ HTTP/1.1" 302 -
> 127.0.0.1 - - [17/Feb/2019 18:55:04] "GET /monitoring/1 HTTP/1.1" 301 -
> 127.0.0.1 - - [17/Feb/2019 18:55:04] "GET /monitoring/1/ HTTP/1.1" 200 -
> 127.0.0.1 - - [17/Feb/2019 18:55:04] "GET /static/images/loading.gif HTTP/1.1" 200 -
> 127.0.0.1 - - [17/Feb/2019 18:55:05] "GET /static/images/bar.png HTTP/1.1" 200 -
> 127.0.0.1 - - [17/Feb/2019 18:55:12] "GET /records/1 HTTP/1.1" 200 -
> C:\Users\gherz-PC\Anaconda3\envs\py27\lib\site-packages\sqlalchemy\sql\compiler.py:643: SAWarning: Can't resolve label reference u'"case".date desc'; converting to text() (this warning may be suppressed after 10 occurrences)
>   util.ellipses_string(element.element))
> 127.0.0.1 - - [17/Feb/2019 18:55:19] "GET /records/1?parasite_selection=&region_selection=&province_selection=&municipality_selection=&microscopist_selection=&date_start=The+Beginning&date_end=Today&description=&sort_by=date&order=desc&page=2 HTTP/1.1" 200 -
> 127.0.0.1 - - [17/Feb/2019 18:55:22] "GET /records/1?parasite_selection=&region_selection=&province_selection=&municipality_selection=&microscopist_selection=&date_start=The+Beginning&date_end=Today&description=&sort_by=date&order=desc&page=1 HTTP/1.1" 200 -
>  * Detected change in 'C:\\Users\\gherz-PC\\Desktop\\remidiv2\\serveus\\views.py', reloading
